// Jest Snapshot v1, https://goo.gl/fbAQLP

exports[`UserInfoCard Component matches the snapshot 1`] = `[Function]`;
